[2025-05-03T18:25:38.846+0000] {local_task_job_runner.py:120} INFO - ::group::Pre task execution logs
[2025-05-03T18:25:38.860+0000] {taskinstance.py:2076} INFO - Dependencies all met for dep_context=non-requeueable deps ti=<TaskInstance: dbt_example.dbt_run manual__2025-05-03T18:25:28.591859+00:00 [queued]>
[2025-05-03T18:25:38.865+0000] {taskinstance.py:2076} INFO - Dependencies all met for dep_context=requeueable deps ti=<TaskInstance: dbt_example.dbt_run manual__2025-05-03T18:25:28.591859+00:00 [queued]>
[2025-05-03T18:25:38.866+0000] {taskinstance.py:2306} INFO - Starting attempt 1 of 2
[2025-05-03T18:25:38.874+0000] {taskinstance.py:2330} INFO - Executing <Task(BashOperator): dbt_run> on 2025-05-03 18:25:28.591859+00:00
[2025-05-03T18:25:38.878+0000] {standard_task_runner.py:63} INFO - Started process 172 to run task
[2025-05-03T18:25:38.880+0000] {standard_task_runner.py:90} INFO - Running: ['***', 'tasks', 'run', 'dbt_example', 'dbt_run', 'manual__2025-05-03T18:25:28.591859+00:00', '--job-id', '8', '--raw', '--subdir', 'DAGS_FOLDER/dbt_example_dag.py', '--cfg-path', '/tmp/tmp6syzeqyb']
[2025-05-03T18:25:38.881+0000] {standard_task_runner.py:91} INFO - Job 8: Subtask dbt_run
[2025-05-03T18:25:38.908+0000] {task_command.py:426} INFO - Running <TaskInstance: dbt_example.dbt_run manual__2025-05-03T18:25:28.591859+00:00 [running]> on host 264ad074a2b3
[2025-05-03T18:25:38.954+0000] {taskinstance.py:2648} INFO - Exporting env vars: AIRFLOW_CTX_DAG_OWNER='***' AIRFLOW_CTX_DAG_ID='dbt_example' AIRFLOW_CTX_TASK_ID='dbt_run' AIRFLOW_CTX_EXECUTION_DATE='2025-05-03T18:25:28.591859+00:00' AIRFLOW_CTX_TRY_NUMBER='1' AIRFLOW_CTX_DAG_RUN_ID='manual__2025-05-03T18:25:28.591859+00:00'
[2025-05-03T18:25:38.955+0000] {taskinstance.py:430} INFO - ::endgroup::
[2025-05-03T18:25:38.962+0000] {subprocess.py:63} INFO - Tmp dir root location: /tmp
[2025-05-03T18:25:38.963+0000] {subprocess.py:75} INFO - Running command: ['/usr/bin/bash', '-c', 'cd /opt/***/dbt_project && dbt run --profiles-dir /opt/***/dbt_project']
[2025-05-03T18:25:38.970+0000] {subprocess.py:86} INFO - Output:
[2025-05-03T18:25:41.160+0000] {subprocess.py:93} INFO - [0m18:25:41  Running with dbt=1.7.0
[2025-05-03T18:25:41.393+0000] {subprocess.py:93} INFO - [0m18:25:41  Registered adapter: postgres=1.7.0
[2025-05-03T18:25:41.532+0000] {subprocess.py:93} INFO - [0m18:25:41  Found 1 model, 0 sources, 0 exposures, 0 metrics, 401 macros, 0 groups, 0 semantic models
[2025-05-03T18:25:41.535+0000] {subprocess.py:93} INFO - [0m18:25:41
[2025-05-03T18:25:41.613+0000] {subprocess.py:93} INFO - [0m18:25:41  Concurrency: 4 threads (target='dev')
[2025-05-03T18:25:41.613+0000] {subprocess.py:93} INFO - [0m18:25:41
[2025-05-03T18:25:41.622+0000] {subprocess.py:93} INFO - [0m18:25:41  1 of 1 START sql view model public.sample_model ................................ [RUN]
[2025-05-03T18:25:41.731+0000] {subprocess.py:93} INFO - [0m18:25:41  1 of 1 OK created sql view model public.sample_model ........................... [[32mCREATE VIEW[0m in 0.11s]
[2025-05-03T18:25:41.746+0000] {subprocess.py:93} INFO - [0m18:25:41
[2025-05-03T18:25:41.747+0000] {subprocess.py:93} INFO - [0m18:25:41  Finished running 1 view model in 0 hours 0 minutes and 0.21 seconds (0.21s).
[2025-05-03T18:25:41.763+0000] {subprocess.py:93} INFO - [0m18:25:41
[2025-05-03T18:25:41.764+0000] {subprocess.py:93} INFO - [0m18:25:41  [32mCompleted successfully[0m
[2025-05-03T18:25:41.765+0000] {subprocess.py:93} INFO - [0m18:25:41
[2025-05-03T18:25:41.766+0000] {subprocess.py:93} INFO - [0m18:25:41  Done. PASS=1 WARN=0 ERROR=0 SKIP=0 TOTAL=1
[2025-05-03T18:25:42.603+0000] {subprocess.py:97} INFO - Command exited with return code 0
[2025-05-03T18:25:42.604+0000] {taskinstance.py:441} INFO - ::group::Post task execution logs
[2025-05-03T18:25:42.620+0000] {taskinstance.py:1206} INFO - Marking task as SUCCESS. dag_id=dbt_example, task_id=dbt_run, run_id=manual__2025-05-03T18:25:28.591859+00:00, execution_date=20250503T182528, start_date=20250503T182538, end_date=20250503T182542
[2025-05-03T18:25:42.662+0000] {local_task_job_runner.py:240} INFO - Task exited with return code 0
[2025-05-03T18:25:42.678+0000] {taskinstance.py:3498} INFO - 1 downstream tasks scheduled from follow-on schedule check
[2025-05-03T18:25:42.680+0000] {local_task_job_runner.py:222} INFO - ::endgroup::
