[2025-05-03T18:25:33.805+0000] {local_task_job_runner.py:120} INFO - ::group::Pre task execution logs
[2025-05-03T18:25:33.821+0000] {taskinstance.py:2076} INFO - Dependencies all met for dep_context=non-requeueable deps ti=<TaskInstance: dbt_example.dbt_compile manual__2025-05-03T18:25:28.591859+00:00 [queued]>
[2025-05-03T18:25:33.826+0000] {taskinstance.py:2076} INFO - Dependencies all met for dep_context=requeueable deps ti=<TaskInstance: dbt_example.dbt_compile manual__2025-05-03T18:25:28.591859+00:00 [queued]>
[2025-05-03T18:25:33.827+0000] {taskinstance.py:2306} INFO - Starting attempt 1 of 2
[2025-05-03T18:25:33.835+0000] {taskinstance.py:2330} INFO - Executing <Task(BashOperator): dbt_compile> on 2025-05-03 18:25:28.591859+00:00
[2025-05-03T18:25:33.838+0000] {standard_task_runner.py:63} INFO - Started process 100 to run task
[2025-05-03T18:25:33.840+0000] {standard_task_runner.py:90} INFO - Running: ['***', 'tasks', 'run', 'dbt_example', 'dbt_compile', 'manual__2025-05-03T18:25:28.591859+00:00', '--job-id', '6', '--raw', '--subdir', 'DAGS_FOLDER/dbt_example_dag.py', '--cfg-path', '/tmp/tmp8iu5djlv']
[2025-05-03T18:25:33.841+0000] {standard_task_runner.py:91} INFO - Job 6: Subtask dbt_compile
[2025-05-03T18:25:33.870+0000] {task_command.py:426} INFO - Running <TaskInstance: dbt_example.dbt_compile manual__2025-05-03T18:25:28.591859+00:00 [running]> on host 264ad074a2b3
[2025-05-03T18:25:33.921+0000] {taskinstance.py:2648} INFO - Exporting env vars: AIRFLOW_CTX_DAG_OWNER='***' AIRFLOW_CTX_DAG_ID='dbt_example' AIRFLOW_CTX_TASK_ID='dbt_compile' AIRFLOW_CTX_EXECUTION_DATE='2025-05-03T18:25:28.591859+00:00' AIRFLOW_CTX_TRY_NUMBER='1' AIRFLOW_CTX_DAG_RUN_ID='manual__2025-05-03T18:25:28.591859+00:00'
[2025-05-03T18:25:33.922+0000] {taskinstance.py:430} INFO - ::endgroup::
[2025-05-03T18:25:33.930+0000] {subprocess.py:63} INFO - Tmp dir root location: /tmp
[2025-05-03T18:25:33.930+0000] {subprocess.py:75} INFO - Running command: ['/usr/bin/bash', '-c', 'cd /opt/***/dbt_project && dbt compile --profiles-dir /opt/***/dbt_project']
[2025-05-03T18:25:33.940+0000] {subprocess.py:86} INFO - Output:
[2025-05-03T18:25:36.203+0000] {subprocess.py:93} INFO - [0m18:25:36  Running with dbt=1.7.0
[2025-05-03T18:25:36.439+0000] {subprocess.py:93} INFO - [0m18:25:36  Registered adapter: postgres=1.7.0
[2025-05-03T18:25:36.450+0000] {subprocess.py:93} INFO - [0m18:25:36  Unable to do partial parsing because saved manifest not found. Starting full parse.
[2025-05-03T18:25:37.354+0000] {subprocess.py:93} INFO - [0m18:25:37  Found 1 model, 0 sources, 0 exposures, 0 metrics, 401 macros, 0 groups, 0 semantic models
[2025-05-03T18:25:37.356+0000] {subprocess.py:93} INFO - [0m18:25:37
[2025-05-03T18:25:37.409+0000] {subprocess.py:93} INFO - [0m18:25:37  Concurrency: 4 threads (target='dev')
[2025-05-03T18:25:37.409+0000] {subprocess.py:93} INFO - [0m18:25:37
[2025-05-03T18:25:38.526+0000] {subprocess.py:97} INFO - Command exited with return code 0
[2025-05-03T18:25:38.527+0000] {taskinstance.py:441} INFO - ::group::Post task execution logs
[2025-05-03T18:25:38.542+0000] {taskinstance.py:1206} INFO - Marking task as SUCCESS. dag_id=dbt_example, task_id=dbt_compile, run_id=manual__2025-05-03T18:25:28.591859+00:00, execution_date=20250503T182528, start_date=20250503T182533, end_date=20250503T182538
[2025-05-03T18:25:38.584+0000] {local_task_job_runner.py:240} INFO - Task exited with return code 0
[2025-05-03T18:25:38.600+0000] {taskinstance.py:3498} INFO - 0 downstream tasks scheduled from follow-on schedule check
[2025-05-03T18:25:38.602+0000] {local_task_job_runner.py:222} INFO - ::endgroup::
