[2025-05-03T18:27:43.892+0000] {local_task_job_runner.py:120} INFO - ::group::Pre task execution logs
[2025-05-03T18:27:43.908+0000] {taskinstance.py:2076} INFO - Dependencies all met for dep_context=non-requeueable deps ti=<TaskInstance: dbt_example.dbt_run scheduled__2025-05-02T00:00:00+00:00 [queued]>
[2025-05-03T18:27:43.912+0000] {taskinstance.py:2076} INFO - Dependencies all met for dep_context=requeueable deps ti=<TaskInstance: dbt_example.dbt_run scheduled__2025-05-02T00:00:00+00:00 [queued]>
[2025-05-03T18:27:43.913+0000] {taskinstance.py:2306} INFO - Starting attempt 2 of 2
[2025-05-03T18:27:43.921+0000] {taskinstance.py:2330} INFO - Executing <Task(BashOperator): dbt_run> on 2025-05-02 00:00:00+00:00
[2025-05-03T18:27:43.926+0000] {standard_task_runner.py:63} INFO - Started process 241 to run task
[2025-05-03T18:27:43.928+0000] {standard_task_runner.py:90} INFO - Running: ['***', 'tasks', 'run', 'dbt_example', 'dbt_run', 'scheduled__2025-05-02T00:00:00+00:00', '--job-id', '11', '--raw', '--subdir', 'DAGS_FOLDER/dbt_example_dag.py', '--cfg-path', '/tmp/tmpst83cj25']
[2025-05-03T18:27:43.928+0000] {standard_task_runner.py:91} INFO - Job 11: Subtask dbt_run
[2025-05-03T18:27:43.964+0000] {task_command.py:426} INFO - Running <TaskInstance: dbt_example.dbt_run scheduled__2025-05-02T00:00:00+00:00 [running]> on host 264ad074a2b3
[2025-05-03T18:27:44.013+0000] {taskinstance.py:2648} INFO - Exporting env vars: AIRFLOW_CTX_DAG_OWNER='***' AIRFLOW_CTX_DAG_ID='dbt_example' AIRFLOW_CTX_TASK_ID='dbt_run' AIRFLOW_CTX_EXECUTION_DATE='2025-05-02T00:00:00+00:00' AIRFLOW_CTX_TRY_NUMBER='2' AIRFLOW_CTX_DAG_RUN_ID='scheduled__2025-05-02T00:00:00+00:00'
[2025-05-03T18:27:44.014+0000] {taskinstance.py:430} INFO - ::endgroup::
[2025-05-03T18:27:44.022+0000] {subprocess.py:63} INFO - Tmp dir root location: /tmp
[2025-05-03T18:27:44.023+0000] {subprocess.py:75} INFO - Running command: ['/usr/bin/bash', '-c', 'cd /opt/***/dbt_project && dbt run --profiles-dir /opt/***/dbt_project']
[2025-05-03T18:27:44.031+0000] {subprocess.py:86} INFO - Output:
[2025-05-03T18:27:46.165+0000] {subprocess.py:93} INFO - [0m18:27:46  Running with dbt=1.7.0
[2025-05-03T18:27:46.391+0000] {subprocess.py:93} INFO - [0m18:27:46  Registered adapter: postgres=1.7.0
[2025-05-03T18:27:46.528+0000] {subprocess.py:93} INFO - [0m18:27:46  Found 1 model, 0 sources, 0 exposures, 0 metrics, 401 macros, 0 groups, 0 semantic models
[2025-05-03T18:27:46.531+0000] {subprocess.py:93} INFO - [0m18:27:46
[2025-05-03T18:27:46.607+0000] {subprocess.py:93} INFO - [0m18:27:46  Concurrency: 4 threads (target='dev')
[2025-05-03T18:27:46.608+0000] {subprocess.py:93} INFO - [0m18:27:46
[2025-05-03T18:27:46.616+0000] {subprocess.py:93} INFO - [0m18:27:46  1 of 1 START sql view model public.sample_model ................................ [RUN]
[2025-05-03T18:27:46.744+0000] {subprocess.py:93} INFO - [0m18:27:46  1 of 1 OK created sql view model public.sample_model ........................... [[32mCREATE VIEW[0m in 0.13s]
[2025-05-03T18:27:46.760+0000] {subprocess.py:93} INFO - [0m18:27:46
[2025-05-03T18:27:46.761+0000] {subprocess.py:93} INFO - [0m18:27:46  Finished running 1 view model in 0 hours 0 minutes and 0.23 seconds (0.23s).
[2025-05-03T18:27:46.776+0000] {subprocess.py:93} INFO - [0m18:27:46
[2025-05-03T18:27:46.777+0000] {subprocess.py:93} INFO - [0m18:27:46  [32mCompleted successfully[0m
[2025-05-03T18:27:46.778+0000] {subprocess.py:93} INFO - [0m18:27:46
[2025-05-03T18:27:46.778+0000] {subprocess.py:93} INFO - [0m18:27:46  Done. PASS=1 WARN=0 ERROR=0 SKIP=0 TOTAL=1
[2025-05-03T18:27:47.889+0000] {subprocess.py:97} INFO - Command exited with return code 0
[2025-05-03T18:27:47.890+0000] {taskinstance.py:441} INFO - ::group::Post task execution logs
[2025-05-03T18:27:47.906+0000] {taskinstance.py:1206} INFO - Marking task as SUCCESS. dag_id=dbt_example, task_id=dbt_run, run_id=scheduled__2025-05-02T00:00:00+00:00, execution_date=20250502T000000, start_date=20250503T182743, end_date=20250503T182747
[2025-05-03T18:27:47.950+0000] {local_task_job_runner.py:240} INFO - Task exited with return code 0
[2025-05-03T18:27:47.969+0000] {taskinstance.py:3498} INFO - 1 downstream tasks scheduled from follow-on schedule check
[2025-05-03T18:27:47.971+0000] {local_task_job_runner.py:222} INFO - ::endgroup::
