[2025-05-03T18:25:38.834+0000] {local_task_job_runner.py:120} INFO - ::group::Pre task execution logs
[2025-05-03T18:25:38.849+0000] {taskinstance.py:2076} INFO - Dependencies all met for dep_context=non-requeueable deps ti=<TaskInstance: dbt_example.dbt_run scheduled__2025-05-02T00:00:00+00:00 [queued]>
[2025-05-03T18:25:38.854+0000] {taskinstance.py:2076} INFO - Dependencies all met for dep_context=requeueable deps ti=<TaskInstance: dbt_example.dbt_run scheduled__2025-05-02T00:00:00+00:00 [queued]>
[2025-05-03T18:25:38.855+0000] {taskinstance.py:2306} INFO - Starting attempt 1 of 2
[2025-05-03T18:25:38.862+0000] {taskinstance.py:2330} INFO - Executing <Task(BashOperator): dbt_run> on 2025-05-02 00:00:00+00:00
[2025-05-03T18:25:38.867+0000] {standard_task_runner.py:63} INFO - Started process 171 to run task
[2025-05-03T18:25:38.869+0000] {standard_task_runner.py:90} INFO - Running: ['***', 'tasks', 'run', 'dbt_example', 'dbt_run', 'scheduled__2025-05-02T00:00:00+00:00', '--job-id', '7', '--raw', '--subdir', 'DAGS_FOLDER/dbt_example_dag.py', '--cfg-path', '/tmp/tmpht_ludz9']
[2025-05-03T18:25:38.870+0000] {standard_task_runner.py:91} INFO - Job 7: Subtask dbt_run
[2025-05-03T18:25:38.897+0000] {task_command.py:426} INFO - Running <TaskInstance: dbt_example.dbt_run scheduled__2025-05-02T00:00:00+00:00 [running]> on host 264ad074a2b3
[2025-05-03T18:25:38.943+0000] {taskinstance.py:2648} INFO - Exporting env vars: AIRFLOW_CTX_DAG_OWNER='***' AIRFLOW_CTX_DAG_ID='dbt_example' AIRFLOW_CTX_TASK_ID='dbt_run' AIRFLOW_CTX_EXECUTION_DATE='2025-05-02T00:00:00+00:00' AIRFLOW_CTX_TRY_NUMBER='1' AIRFLOW_CTX_DAG_RUN_ID='scheduled__2025-05-02T00:00:00+00:00'
[2025-05-03T18:25:38.944+0000] {taskinstance.py:430} INFO - ::endgroup::
[2025-05-03T18:25:38.951+0000] {subprocess.py:63} INFO - Tmp dir root location: /tmp
[2025-05-03T18:25:38.952+0000] {subprocess.py:75} INFO - Running command: ['/usr/bin/bash', '-c', 'cd /opt/***/dbt_project && dbt run --profiles-dir /opt/***/dbt_project']
[2025-05-03T18:25:38.961+0000] {subprocess.py:86} INFO - Output:
[2025-05-03T18:25:41.160+0000] {subprocess.py:93} INFO - [0m18:25:41  Running with dbt=1.7.0
[2025-05-03T18:25:41.389+0000] {subprocess.py:93} INFO - [0m18:25:41  Registered adapter: postgres=1.7.0
[2025-05-03T18:25:41.533+0000] {subprocess.py:93} INFO - [0m18:25:41  Found 1 model, 0 sources, 0 exposures, 0 metrics, 401 macros, 0 groups, 0 semantic models
[2025-05-03T18:25:41.536+0000] {subprocess.py:93} INFO - [0m18:25:41
[2025-05-03T18:25:41.611+0000] {subprocess.py:93} INFO - [0m18:25:41  Concurrency: 4 threads (target='dev')
[2025-05-03T18:25:41.612+0000] {subprocess.py:93} INFO - [0m18:25:41
[2025-05-03T18:25:41.621+0000] {subprocess.py:93} INFO - [0m18:25:41  1 of 1 START sql view model public.sample_model ................................ [RUN]
[2025-05-03T18:25:41.731+0000] {subprocess.py:93} INFO - [0m18:25:41  1 of 1 ERROR creating sql view model public.sample_model ....................... [[31mERROR[0m in 0.11s]
[2025-05-03T18:25:41.747+0000] {subprocess.py:93} INFO - [0m18:25:41
[2025-05-03T18:25:41.748+0000] {subprocess.py:93} INFO - [0m18:25:41  Finished running 1 view model in 0 hours 0 minutes and 0.21 seconds (0.21s).
[2025-05-03T18:25:41.762+0000] {subprocess.py:93} INFO - [0m18:25:41
[2025-05-03T18:25:41.763+0000] {subprocess.py:93} INFO - [0m18:25:41  [31mCompleted with 1 error and 0 warnings:[0m
[2025-05-03T18:25:41.764+0000] {subprocess.py:93} INFO - [0m18:25:41
[2025-05-03T18:25:41.765+0000] {subprocess.py:93} INFO - [0m18:25:41    Database Error in model sample_model (models/example/sample_model.sql)
[2025-05-03T18:25:41.765+0000] {subprocess.py:93} INFO -   relation "sample_model" already exists
[2025-05-03T18:25:41.765+0000] {subprocess.py:93} INFO -   compiled Code at target/run/***_dbt_example/models/example/sample_model.sql
[2025-05-03T18:25:41.766+0000] {subprocess.py:93} INFO - [0m18:25:41
[2025-05-03T18:25:41.767+0000] {subprocess.py:93} INFO - [0m18:25:41  Done. PASS=0 WARN=0 ERROR=1 SKIP=0 TOTAL=1
[2025-05-03T18:25:42.630+0000] {subprocess.py:97} INFO - Command exited with return code 1
[2025-05-03T18:25:42.630+0000] {taskinstance.py:441} INFO - ::group::Post task execution logs
[2025-05-03T18:25:42.638+0000] {taskinstance.py:2905} ERROR - Task failed with exception
Traceback (most recent call last):
  File "/home/airflow/.local/lib/python3.10/site-packages/airflow/models/taskinstance.py", line 465, in _execute_task
    result = _execute_callable(context=context, **execute_callable_kwargs)
  File "/home/airflow/.local/lib/python3.10/site-packages/airflow/models/taskinstance.py", line 432, in _execute_callable
    return execute_callable(context=context, **execute_callable_kwargs)
  File "/home/airflow/.local/lib/python3.10/site-packages/airflow/models/baseoperator.py", line 400, in wrapper
    return func(self, *args, **kwargs)
  File "/home/airflow/.local/lib/python3.10/site-packages/airflow/operators/bash.py", line 243, in execute
    raise AirflowException(
airflow.exceptions.AirflowException: Bash command failed. The command returned a non-zero exit code 1.
[2025-05-03T18:25:42.640+0000] {taskinstance.py:1206} INFO - Marking task as UP_FOR_RETRY. dag_id=dbt_example, task_id=dbt_run, run_id=scheduled__2025-05-02T00:00:00+00:00, execution_date=20250502T000000, start_date=20250503T182538, end_date=20250503T182542
[2025-05-03T18:25:42.648+0000] {standard_task_runner.py:110} ERROR - Failed to execute job 7 for task dbt_run (Bash command failed. The command returned a non-zero exit code 1.; 171)
[2025-05-03T18:25:42.690+0000] {local_task_job_runner.py:240} INFO - Task exited with return code 1
[2025-05-03T18:25:42.705+0000] {taskinstance.py:3498} INFO - 0 downstream tasks scheduled from follow-on schedule check
[2025-05-03T18:25:42.706+0000] {local_task_job_runner.py:222} INFO - ::endgroup::
