[2025-05-03T18:21:46.758+0000] {manager.py:470} INFO - Processing files using up to 2 processes at a time 
[2025-05-03T18:21:46.758+0000] {manager.py:471} INFO - Process each file at most once every 30 seconds
[2025-05-03T18:21:46.759+0000] {manager.py:472} INFO - Checking for new files in /opt/airflow/dags every 300 seconds
[2025-05-03T18:21:46.759+0000] {manager.py:737} INFO - Searching for files in /opt/airflow/dags
[2025-05-03T18:21:46.772+0000] {manager.py:740} INFO - There are 1 files in /opt/airflow/dags
[2025-05-03T18:21:46.825+0000] {manager.py:878} INFO - 
================================================================================
DAG File Processing Stats

File Path                               PID  Runtime      # DAGs    # Errors  Last Runtime    Last Run
------------------------------------  -----  ---------  --------  ----------  --------------  ----------
/opt/airflow/dags/dbt_example_dag.py     59  0.03s             0           0
================================================================================
[2025-05-03T18:22:18.054+0000] {manager.py:878} INFO - 
================================================================================
DAG File Processing Stats

File Path                             PID    Runtime      # DAGs    # Errors  Last Runtime    Last Run
------------------------------------  -----  ---------  --------  ----------  --------------  -------------------
/opt/airflow/dags/dbt_example_dag.py                           1           0  0.08s           2025-05-03T18:22:17
================================================================================
[2025-05-03T18:22:49.157+0000] {manager.py:878} INFO - 
================================================================================
DAG File Processing Stats

File Path                             PID    Runtime      # DAGs    # Errors  Last Runtime    Last Run
------------------------------------  -----  ---------  --------  ----------  --------------  -------------------
/opt/airflow/dags/dbt_example_dag.py                           1           0  0.09s           2025-05-03T18:22:47
================================================================================
[2025-05-03T18:23:20.087+0000] {manager.py:878} INFO - 
================================================================================
DAG File Processing Stats

File Path                             PID    Runtime      # DAGs    # Errors  Last Runtime    Last Run
------------------------------------  -----  ---------  --------  ----------  --------------  -------------------
/opt/airflow/dags/dbt_example_dag.py                           1           0  0.08s           2025-05-03T18:23:18
================================================================================
[2025-05-03T18:23:50.782+0000] {manager.py:878} INFO - 
================================================================================
DAG File Processing Stats

File Path                             PID    Runtime      # DAGs    # Errors  Last Runtime    Last Run
------------------------------------  -----  ---------  --------  ----------  --------------  -------------------
/opt/airflow/dags/dbt_example_dag.py                           1           0  0.08s           2025-05-03T18:23:48
================================================================================
[2025-05-03T18:24:22.052+0000] {manager.py:878} INFO - 
================================================================================
DAG File Processing Stats

File Path                             PID    Runtime      # DAGs    # Errors  Last Runtime    Last Run
------------------------------------  -----  ---------  --------  ----------  --------------  -------------------
/opt/airflow/dags/dbt_example_dag.py                           1           0  0.07s           2025-05-03T18:24:19
================================================================================
[2025-05-03T18:24:53.094+0000] {manager.py:878} INFO - 
================================================================================
DAG File Processing Stats

File Path                             PID    Runtime      # DAGs    # Errors  Last Runtime    Last Run
------------------------------------  -----  ---------  --------  ----------  --------------  -------------------
/opt/airflow/dags/dbt_example_dag.py                           1           0  0.13s           2025-05-03T18:24:49
================================================================================
[2025-05-03T18:25:25.934+0000] {manager.py:878} INFO - 
================================================================================
DAG File Processing Stats

File Path                             PID    Runtime      # DAGs    # Errors  Last Runtime    Last Run
------------------------------------  -----  ---------  --------  ----------  --------------  -------------------
/opt/airflow/dags/dbt_example_dag.py                           1           0  0.09s           2025-05-03T18:25:19
================================================================================
[2025-05-03T18:25:56.647+0000] {manager.py:878} INFO - 
================================================================================
DAG File Processing Stats

File Path                             PID    Runtime      # DAGs    # Errors  Last Runtime    Last Run
------------------------------------  -----  ---------  --------  ----------  --------------  -------------------
/opt/airflow/dags/dbt_example_dag.py                           1           0  0.07s           2025-05-03T18:25:50
================================================================================
[2025-05-03T18:26:27.862+0000] {manager.py:878} INFO - 
================================================================================
DAG File Processing Stats

File Path                             PID    Runtime      # DAGs    # Errors  Last Runtime    Last Run
------------------------------------  -----  ---------  --------  ----------  --------------  -------------------
/opt/airflow/dags/dbt_example_dag.py                           1           0  0.08s           2025-05-03T18:26:20
================================================================================
[2025-05-03T18:26:46.839+0000] {manager.py:737} INFO - Searching for files in /opt/airflow/dags
[2025-05-03T18:26:46.855+0000] {manager.py:740} INFO - There are 1 files in /opt/airflow/dags
[2025-05-03T18:26:58.933+0000] {manager.py:878} INFO - 
================================================================================
DAG File Processing Stats

File Path                             PID    Runtime      # DAGs    # Errors  Last Runtime    Last Run
------------------------------------  -----  ---------  --------  ----------  --------------  -------------------
/opt/airflow/dags/dbt_example_dag.py                           1           0  0.08s           2025-05-03T18:26:51
================================================================================
[2025-05-03T18:27:29.803+0000] {manager.py:878} INFO - 
================================================================================
DAG File Processing Stats

File Path                             PID    Runtime      # DAGs    # Errors  Last Runtime    Last Run
------------------------------------  -----  ---------  --------  ----------  --------------  -------------------
/opt/airflow/dags/dbt_example_dag.py                           1           0  0.08s           2025-05-03T18:27:22
================================================================================
[2025-05-03T18:28:00.482+0000] {manager.py:878} INFO - 
================================================================================
DAG File Processing Stats

File Path                             PID    Runtime      # DAGs    # Errors  Last Runtime    Last Run
------------------------------------  -----  ---------  --------  ----------  --------------  -------------------
/opt/airflow/dags/dbt_example_dag.py                           1           0  0.08s           2025-05-03T18:27:53
================================================================================
[2025-05-03T18:28:31.719+0000] {manager.py:878} INFO - 
================================================================================
DAG File Processing Stats

File Path                             PID    Runtime      # DAGs    # Errors  Last Runtime    Last Run
------------------------------------  -----  ---------  --------  ----------  --------------  -------------------
/opt/airflow/dags/dbt_example_dag.py                           1           0  0.07s           2025-05-03T18:28:23
================================================================================
[2025-05-03T18:29:02.746+0000] {manager.py:878} INFO - 
================================================================================
DAG File Processing Stats

File Path                             PID    Runtime      # DAGs    # Errors  Last Runtime    Last Run
------------------------------------  -----  ---------  --------  ----------  --------------  -------------------
/opt/airflow/dags/dbt_example_dag.py                           1           0  0.07s           2025-05-03T18:28:54
================================================================================
[2025-05-03T18:29:35.617+0000] {manager.py:878} INFO - 
================================================================================
DAG File Processing Stats

File Path                             PID    Runtime      # DAGs    # Errors  Last Runtime    Last Run
------------------------------------  -----  ---------  --------  ----------  --------------  -------------------
/opt/airflow/dags/dbt_example_dag.py                           1           0  0.07s           2025-05-03T18:29:25
================================================================================
[2025-05-03T18:30:08.465+0000] {manager.py:878} INFO - 
================================================================================
DAG File Processing Stats

File Path                             PID    Runtime      # DAGs    # Errors  Last Runtime    Last Run
------------------------------------  -----  ---------  --------  ----------  --------------  -------------------
/opt/airflow/dags/dbt_example_dag.py                           1           0  0.07s           2025-05-03T18:29:56
================================================================================
[2025-05-03T18:30:39.689+0000] {manager.py:878} INFO - 
================================================================================
DAG File Processing Stats

File Path                             PID    Runtime      # DAGs    # Errors  Last Runtime    Last Run
------------------------------------  -----  ---------  --------  ----------  --------------  -------------------
/opt/airflow/dags/dbt_example_dag.py                           1           0  0.08s           2025-05-03T18:30:26
================================================================================
[2025-05-03T18:31:10.705+0000] {manager.py:878} INFO - 
================================================================================
DAG File Processing Stats

File Path                             PID    Runtime      # DAGs    # Errors  Last Runtime    Last Run
------------------------------------  -----  ---------  --------  ----------  --------------  -------------------
/opt/airflow/dags/dbt_example_dag.py                           1           0  0.07s           2025-05-03T18:30:57
================================================================================
[2025-05-03T18:31:41.556+0000] {manager.py:878} INFO - 
================================================================================
DAG File Processing Stats

File Path                             PID    Runtime      # DAGs    # Errors  Last Runtime    Last Run
------------------------------------  -----  ---------  --------  ----------  --------------  -------------------
/opt/airflow/dags/dbt_example_dag.py                           1           0  0.07s           2025-05-03T18:31:28
================================================================================
[2025-05-03T18:31:47.095+0000] {manager.py:737} INFO - Searching for files in /opt/airflow/dags
[2025-05-03T18:31:47.112+0000] {manager.py:740} INFO - There are 1 files in /opt/airflow/dags
[2025-05-03T18:32:12.231+0000] {manager.py:878} INFO - 
================================================================================
DAG File Processing Stats

File Path                             PID    Runtime      # DAGs    # Errors  Last Runtime    Last Run
------------------------------------  -----  ---------  --------  ----------  --------------  -------------------
/opt/airflow/dags/dbt_example_dag.py                           1           0  0.08s           2025-05-03T18:31:59
================================================================================
[2025-05-03T18:32:12.640+0000] {manager.py:452} INFO - Exiting gracefully upon receiving signal 15
