[2025-05-03T18:25:29.414+0000] {local_task_job_runner.py:120} INFO - ::group::Pre task execution logs
[2025-05-03T18:25:29.429+0000] {taskinstance.py:2076} INFO - Dependencies all met for dep_context=non-requeueable deps ti=<TaskInstance: dbt_example.dbt_debug scheduled__2025-05-02T00:00:00+00:00 [queued]>
[2025-05-03T18:25:29.433+0000] {taskinstance.py:2076} INFO - Dependencies all met for dep_context=requeueable deps ti=<TaskInstance: dbt_example.dbt_debug scheduled__2025-05-02T00:00:00+00:00 [queued]>
[2025-05-03T18:25:29.434+0000] {taskinstance.py:2306} INFO - Starting attempt 1 of 2
[2025-05-03T18:25:29.441+0000] {taskinstance.py:2330} INFO - Executing <Task(BashOperator): dbt_debug> on 2025-05-02 00:00:00+00:00
[2025-05-03T18:25:29.445+0000] {standard_task_runner.py:63} INFO - Started process 90 to run task
[2025-05-03T18:25:29.449+0000] {standard_task_runner.py:90} INFO - Running: ['***', 'tasks', 'run', 'dbt_example', 'dbt_debug', 'scheduled__2025-05-02T00:00:00+00:00', '--job-id', '4', '--raw', '--subdir', 'DAGS_FOLDER/dbt_example_dag.py', '--cfg-path', '/tmp/tmpf9fav8ur']
[2025-05-03T18:25:29.449+0000] {standard_task_runner.py:91} INFO - Job 4: Subtask dbt_debug
[2025-05-03T18:25:29.482+0000] {task_command.py:426} INFO - Running <TaskInstance: dbt_example.dbt_debug scheduled__2025-05-02T00:00:00+00:00 [running]> on host 264ad074a2b3
[2025-05-03T18:25:29.530+0000] {taskinstance.py:2648} INFO - Exporting env vars: AIRFLOW_CTX_DAG_OWNER='***' AIRFLOW_CTX_DAG_ID='dbt_example' AIRFLOW_CTX_TASK_ID='dbt_debug' AIRFLOW_CTX_EXECUTION_DATE='2025-05-02T00:00:00+00:00' AIRFLOW_CTX_TRY_NUMBER='1' AIRFLOW_CTX_DAG_RUN_ID='scheduled__2025-05-02T00:00:00+00:00'
[2025-05-03T18:25:29.530+0000] {taskinstance.py:430} INFO - ::endgroup::
[2025-05-03T18:25:29.549+0000] {subprocess.py:63} INFO - Tmp dir root location: /tmp
[2025-05-03T18:25:29.550+0000] {subprocess.py:75} INFO - Running command: ['/usr/bin/bash', '-c', 'cd /opt/***/dbt_project && dbt debug --profiles-dir /opt/***/dbt_project']
[2025-05-03T18:25:29.558+0000] {subprocess.py:86} INFO - Output:
[2025-05-03T18:24:21.925+0000] {subprocess.py:93} INFO - [0m18:24:21  Running with dbt=1.7.0
[2025-05-03T18:24:21.928+0000] {subprocess.py:93} INFO - [0m18:24:21  dbt version: 1.7.0
[2025-05-03T18:24:21.929+0000] {subprocess.py:93} INFO - [0m18:24:21  python version: 3.10.14
[2025-05-03T18:24:21.929+0000] {subprocess.py:93} INFO - [0m18:24:21  python path: /home/***/.local/bin/python
[2025-05-03T18:24:21.930+0000] {subprocess.py:93} INFO - [0m18:24:21  os info: Linux-5.15.153.1-microsoft-standard-WSL2-x86_64-with-glibc2.36
[2025-05-03T18:24:22.005+0000] {subprocess.py:93} INFO - [0m18:24:22  Using profiles dir at /opt/***/dbt_project
[2025-05-03T18:24:22.008+0000] {subprocess.py:93} INFO - [0m18:24:22  Using profiles.yml file at /opt/***/dbt_project/profiles.yml
[2025-05-03T18:24:22.009+0000] {subprocess.py:93} INFO - [0m18:24:22  Using dbt_project.yml file at /opt/***/dbt_project/dbt_project.yml
[2025-05-03T18:24:22.010+0000] {subprocess.py:93} INFO - [0m18:24:22  adapter type: postgres
[2025-05-03T18:24:22.012+0000] {subprocess.py:93} INFO - [0m18:24:22  adapter version: 1.7.0
[2025-05-03T18:24:22.082+0000] {subprocess.py:93} INFO - [0m18:24:22  Configuration:
[2025-05-03T18:24:22.083+0000] {subprocess.py:93} INFO - [0m18:24:22    profiles.yml file [[32mOK found and valid[0m]
[2025-05-03T18:24:22.084+0000] {subprocess.py:93} INFO - [0m18:24:22    dbt_project.yml file [[32mOK found and valid[0m]
[2025-05-03T18:24:22.085+0000] {subprocess.py:93} INFO - [0m18:24:22  Required dependencies:
[2025-05-03T18:24:22.092+0000] {subprocess.py:93} INFO - [0m18:24:22   - git [[32mOK found[0m]
[2025-05-03T18:24:22.092+0000] {subprocess.py:93} INFO - 
[2025-05-03T18:24:22.093+0000] {subprocess.py:93} INFO - [0m18:24:22  Connection:
[2025-05-03T18:24:22.094+0000] {subprocess.py:93} INFO - [0m18:24:22    host: postgres
[2025-05-03T18:24:22.095+0000] {subprocess.py:93} INFO - [0m18:24:22    port: 5432
[2025-05-03T18:24:22.096+0000] {subprocess.py:93} INFO - [0m18:24:22    user: ***
[2025-05-03T18:24:22.097+0000] {subprocess.py:93} INFO - [0m18:24:22    database: ***
[2025-05-03T18:24:22.098+0000] {subprocess.py:93} INFO - [0m18:24:22    schema: public
[2025-05-03T18:24:22.099+0000] {subprocess.py:93} INFO - [0m18:24:22    connect_timeout: 10
[2025-05-03T18:24:22.100+0000] {subprocess.py:93} INFO - [0m18:24:22    role: None
[2025-05-03T18:24:22.101+0000] {subprocess.py:93} INFO - [0m18:24:22    search_path: None
[2025-05-03T18:24:22.102+0000] {subprocess.py:93} INFO - [0m18:24:22    keepalives_idle: 0
[2025-05-03T18:24:22.103+0000] {subprocess.py:93} INFO - [0m18:24:22    sslmode: None
[2025-05-03T18:24:22.104+0000] {subprocess.py:93} INFO - [0m18:24:22    sslcert: None
[2025-05-03T18:24:22.105+0000] {subprocess.py:93} INFO - [0m18:24:22    sslkey: None
[2025-05-03T18:24:22.106+0000] {subprocess.py:93} INFO - [0m18:24:22    sslrootcert: None
[2025-05-03T18:24:22.107+0000] {subprocess.py:93} INFO - [0m18:24:22    application_name: dbt
[2025-05-03T18:24:22.108+0000] {subprocess.py:93} INFO - [0m18:24:22    retries: 1
[2025-05-03T18:24:22.109+0000] {subprocess.py:93} INFO - [0m18:24:22  Registered adapter: postgres=1.7.0
[2025-05-03T18:24:22.120+0000] {subprocess.py:93} INFO - [0m18:24:22    Connection test: [[32mOK connection ok[0m]
[2025-05-03T18:24:22.121+0000] {subprocess.py:93} INFO - 
[2025-05-03T18:25:32.493+0000] {subprocess.py:93} INFO - [0m18:25:32  [32mAll checks passed![0m
[2025-05-03T18:25:33.367+0000] {subprocess.py:97} INFO - Command exited with return code 0
[2025-05-03T18:25:33.368+0000] {taskinstance.py:441} INFO - ::group::Post task execution logs
[2025-05-03T18:25:33.386+0000] {taskinstance.py:1206} INFO - Marking task as SUCCESS. dag_id=dbt_example, task_id=dbt_debug, run_id=scheduled__2025-05-02T00:00:00+00:00, execution_date=20250502T000000, start_date=20250503T182529, end_date=20250503T182533
[2025-05-03T18:25:33.410+0000] {local_task_job_runner.py:240} INFO - Task exited with return code 0
[2025-05-03T18:25:33.428+0000] {taskinstance.py:3498} INFO - 1 downstream tasks scheduled from follow-on schedule check
[2025-05-03T18:25:33.430+0000] {local_task_job_runner.py:222} INFO - ::endgroup::
