[2025-05-03T18:25:47.831+0000] {local_task_job_runner.py:120} INFO - ::group::Pre task execution logs
[2025-05-03T18:25:47.845+0000] {taskinstance.py:2076} INFO - Dependencies all met for dep_context=non-requeueable deps ti=<TaskInstance: dbt_example.dbt_docs_generate manual__2025-05-03T18:25:28.591859+00:00 [queued]>
[2025-05-03T18:25:47.850+0000] {taskinstance.py:2076} INFO - Dependencies all met for dep_context=requeueable deps ti=<TaskInstance: dbt_example.dbt_docs_generate manual__2025-05-03T18:25:28.591859+00:00 [queued]>
[2025-05-03T18:25:47.851+0000] {taskinstance.py:2306} INFO - Starting attempt 1 of 2
[2025-05-03T18:25:47.858+0000] {taskinstance.py:2330} INFO - Executing <Task(BashOperator): dbt_docs_generate> on 2025-05-03 18:25:28.591859+00:00
[2025-05-03T18:25:47.863+0000] {standard_task_runner.py:63} INFO - Started process 207 to run task
[2025-05-03T18:25:47.864+0000] {standard_task_runner.py:90} INFO - Running: ['***', 'tasks', 'run', 'dbt_example', 'dbt_docs_generate', 'manual__2025-05-03T18:25:28.591859+00:00', '--job-id', '10', '--raw', '--subdir', 'DAGS_FOLDER/dbt_example_dag.py', '--cfg-path', '/tmp/tmp7c39u_b3']
[2025-05-03T18:25:47.865+0000] {standard_task_runner.py:91} INFO - Job 10: Subtask dbt_docs_generate
[2025-05-03T18:25:47.894+0000] {task_command.py:426} INFO - Running <TaskInstance: dbt_example.dbt_docs_generate manual__2025-05-03T18:25:28.591859+00:00 [running]> on host 264ad074a2b3
[2025-05-03T18:25:47.940+0000] {taskinstance.py:2648} INFO - Exporting env vars: AIRFLOW_CTX_DAG_OWNER='***' AIRFLOW_CTX_DAG_ID='dbt_example' AIRFLOW_CTX_TASK_ID='dbt_docs_generate' AIRFLOW_CTX_EXECUTION_DATE='2025-05-03T18:25:28.591859+00:00' AIRFLOW_CTX_TRY_NUMBER='1' AIRFLOW_CTX_DAG_RUN_ID='manual__2025-05-03T18:25:28.591859+00:00'
[2025-05-03T18:25:47.940+0000] {taskinstance.py:430} INFO - ::endgroup::
[2025-05-03T18:25:47.947+0000] {subprocess.py:63} INFO - Tmp dir root location: /tmp
[2025-05-03T18:25:47.948+0000] {subprocess.py:75} INFO - Running command: ['/usr/bin/bash', '-c', 'cd /opt/***/dbt_project && dbt docs generate --profiles-dir /opt/***/dbt_project']
[2025-05-03T18:25:47.957+0000] {subprocess.py:86} INFO - Output:
[2025-05-03T18:25:50.101+0000] {subprocess.py:93} INFO - [0m18:25:50  Running with dbt=1.7.0
[2025-05-03T18:25:50.332+0000] {subprocess.py:93} INFO - [0m18:25:50  Registered adapter: postgres=1.7.0
[2025-05-03T18:25:50.446+0000] {subprocess.py:93} INFO - [0m18:25:50  Found 1 model, 0 sources, 0 exposures, 0 metrics, 401 macros, 0 groups, 0 semantic models
[2025-05-03T18:25:50.448+0000] {subprocess.py:93} INFO - [0m18:25:50
[2025-05-03T18:25:50.504+0000] {subprocess.py:93} INFO - [0m18:25:50  Concurrency: 4 threads (target='dev')
[2025-05-03T18:25:50.505+0000] {subprocess.py:93} INFO - [0m18:25:50
[2025-05-03T18:25:50.557+0000] {subprocess.py:93} INFO - [0m18:25:50  Building catalog
[2025-05-03T18:25:50.592+0000] {subprocess.py:93} INFO - [0m18:25:50  Catalog written to /opt/***/dbt_project/target/catalog.json
[2025-05-03T18:25:51.351+0000] {subprocess.py:97} INFO - Command exited with return code 0
[2025-05-03T18:25:51.352+0000] {taskinstance.py:441} INFO - ::group::Post task execution logs
[2025-05-03T18:25:51.367+0000] {taskinstance.py:1206} INFO - Marking task as SUCCESS. dag_id=dbt_example, task_id=dbt_docs_generate, run_id=manual__2025-05-03T18:25:28.591859+00:00, execution_date=20250503T182528, start_date=20250503T182547, end_date=20250503T182551
[2025-05-03T18:25:51.405+0000] {local_task_job_runner.py:240} INFO - Task exited with return code 0
[2025-05-03T18:25:51.415+0000] {taskinstance.py:3498} INFO - 0 downstream tasks scheduled from follow-on schedule check
[2025-05-03T18:25:51.417+0000] {local_task_job_runner.py:222} INFO - ::endgroup::
