[2025-05-03T18:27:52.915+0000] {local_task_job_runner.py:120} INFO - ::group::Pre task execution logs
[2025-05-03T18:27:52.931+0000] {taskinstance.py:2076} INFO - Dependencies all met for dep_context=non-requeueable deps ti=<TaskInstance: dbt_example.dbt_docs_generate scheduled__2025-05-02T00:00:00+00:00 [queued]>
[2025-05-03T18:27:52.936+0000] {taskinstance.py:2076} INFO - Dependencies all met for dep_context=requeueable deps ti=<TaskInstance: dbt_example.dbt_docs_generate scheduled__2025-05-02T00:00:00+00:00 [queued]>
[2025-05-03T18:27:52.936+0000] {taskinstance.py:2306} INFO - Starting attempt 1 of 2
[2025-05-03T18:27:52.944+0000] {taskinstance.py:2330} INFO - Executing <Task(BashOperator): dbt_docs_generate> on 2025-05-02 00:00:00+00:00
[2025-05-03T18:27:52.949+0000] {standard_task_runner.py:63} INFO - Started process 258 to run task
[2025-05-03T18:27:52.951+0000] {standard_task_runner.py:90} INFO - Running: ['***', 'tasks', 'run', 'dbt_example', 'dbt_docs_generate', 'scheduled__2025-05-02T00:00:00+00:00', '--job-id', '13', '--raw', '--subdir', 'DAGS_FOLDER/dbt_example_dag.py', '--cfg-path', '/tmp/tmpf50zhif9']
[2025-05-03T18:27:52.952+0000] {standard_task_runner.py:91} INFO - Job 13: Subtask dbt_docs_generate
[2025-05-03T18:27:52.986+0000] {task_command.py:426} INFO - Running <TaskInstance: dbt_example.dbt_docs_generate scheduled__2025-05-02T00:00:00+00:00 [running]> on host 264ad074a2b3
[2025-05-03T18:27:53.034+0000] {taskinstance.py:2648} INFO - Exporting env vars: AIRFLOW_CTX_DAG_OWNER='***' AIRFLOW_CTX_DAG_ID='dbt_example' AIRFLOW_CTX_TASK_ID='dbt_docs_generate' AIRFLOW_CTX_EXECUTION_DATE='2025-05-02T00:00:00+00:00' AIRFLOW_CTX_TRY_NUMBER='1' AIRFLOW_CTX_DAG_RUN_ID='scheduled__2025-05-02T00:00:00+00:00'
[2025-05-03T18:27:53.035+0000] {taskinstance.py:430} INFO - ::endgroup::
[2025-05-03T18:27:53.043+0000] {subprocess.py:63} INFO - Tmp dir root location: /tmp
[2025-05-03T18:27:53.044+0000] {subprocess.py:75} INFO - Running command: ['/usr/bin/bash', '-c', 'cd /opt/***/dbt_project && dbt docs generate --profiles-dir /opt/***/dbt_project']
[2025-05-03T18:27:53.053+0000] {subprocess.py:86} INFO - Output:
[2025-05-03T18:27:55.100+0000] {subprocess.py:93} INFO - [0m18:27:55  Running with dbt=1.7.0
[2025-05-03T18:27:55.309+0000] {subprocess.py:93} INFO - [0m18:27:55  Registered adapter: postgres=1.7.0
[2025-05-03T18:27:55.431+0000] {subprocess.py:93} INFO - [0m18:27:55  Found 1 model, 0 sources, 0 exposures, 0 metrics, 401 macros, 0 groups, 0 semantic models
[2025-05-03T18:27:55.434+0000] {subprocess.py:93} INFO - [0m18:27:55
[2025-05-03T18:27:55.483+0000] {subprocess.py:93} INFO - [0m18:27:55  Concurrency: 4 threads (target='dev')
[2025-05-03T18:27:55.484+0000] {subprocess.py:93} INFO - [0m18:27:55
[2025-05-03T18:27:55.536+0000] {subprocess.py:93} INFO - [0m18:27:55  Building catalog
[2025-05-03T18:27:55.572+0000] {subprocess.py:93} INFO - [0m18:27:55  Catalog written to /opt/***/dbt_project/target/catalog.json
[2025-05-03T18:27:56.298+0000] {subprocess.py:97} INFO - Command exited with return code 0
[2025-05-03T18:27:56.299+0000] {taskinstance.py:441} INFO - ::group::Post task execution logs
[2025-05-03T18:27:56.313+0000] {taskinstance.py:1206} INFO - Marking task as SUCCESS. dag_id=dbt_example, task_id=dbt_docs_generate, run_id=scheduled__2025-05-02T00:00:00+00:00, execution_date=20250502T000000, start_date=20250503T182752, end_date=20250503T182756
[2025-05-03T18:27:56.329+0000] {local_task_job_runner.py:240} INFO - Task exited with return code 0
[2025-05-03T18:27:56.339+0000] {taskinstance.py:3498} INFO - 0 downstream tasks scheduled from follow-on schedule check
[2025-05-03T18:27:56.341+0000] {local_task_job_runner.py:222} INFO - ::endgroup::
